\BOOKMARK [0][-]{chapter.1}{\376\377\000I\000n\000t\000r\000o\000d\000u\000c\000t\000i\000o\000n}{}% 1
\BOOKMARK [1][-]{section.1.1}{\376\377\000P\000r\000o\000j\000e\000c\000t\000\040\000O\000v\000e\000r\000v\000i\000e\000w}{chapter.1}% 2
\BOOKMARK [1][-]{section.1.2}{\376\377\000R\000e\000s\000e\000a\000r\000c\000h\000\040\000C\000o\000n\000t\000e\000x\000t}{chapter.1}% 3
\BOOKMARK [1][-]{section.1.3}{\376\377\000A\000i\000m\000\040\000a\000n\000d\000\040\000O\000b\000j\000e\000c\000t\000i\000v\000e\000s}{chapter.1}% 4
\BOOKMARK [1][-]{section.1.4}{\376\377\000D\000i\000s\000s\000e\000r\000t\000a\000t\000i\000o\000n\000\040\000S\000t\000r\000u\000c\000t\000u\000r\000e}{chapter.1}% 5
\BOOKMARK [0][-]{chapter.2}{\376\377\000B\000a\000c\000k\000g\000r\000o\000u\000n\000d\000\040\000a\000n\000d\000\040\000M\000o\000t\000i\000v\000a\000t\000i\000o\000n}{}% 6
\BOOKMARK [1][-]{section.2.1}{\376\377\000C\000h\000a\000l\000l\000e\000n\000g\000e\000s\000\040\000i\000n\000\040\000C\000r\000o\000s\000s\000-\000B\000o\000r\000d\000e\000r\000\040\000T\000r\000a\000d\000e}{chapter.2}% 7
\BOOKMARK [1][-]{section.2.2}{\376\377\000S\000M\000E\000s\000-\000S\000p\000e\000c\000i\000f\000i\000c\000\040\000C\000o\000n\000s\000t\000r\000a\000i\000n\000t\000s}{chapter.2}% 8
\BOOKMARK [1][-]{section.2.3}{\376\377\000M\000o\000t\000i\000v\000a\000t\000i\000o\000n\000\040\000f\000o\000r\000\040\000a\000n\000\040\000A\000I\000-\000D\000r\000i\000v\000e\000n\000\040\000S\000o\000l\000u\000t\000i\000o\000n}{chapter.2}% 9
\BOOKMARK [1][-]{section.2.4}{\376\377\000P\000r\000o\000j\000e\000c\000t\000\040\000S\000c\000o\000p\000e}{chapter.2}% 10
\BOOKMARK [0][-]{chapter.3}{\376\377\000T\000h\000e\000\040\000R\000e\000a\000l\000-\000W\000o\000r\000l\000d\000\040\000P\000r\000o\000b\000l\000e\000m}{}% 11
\BOOKMARK [1][-]{section.3.1}{\376\377\000P\000r\000o\000b\000l\000e\000m\000\040\000D\000e\000f\000i\000n\000i\000t\000i\000o\000n}{chapter.3}% 12
\BOOKMARK [1][-]{section.3.2}{\376\377\000R\000e\000p\000r\000e\000s\000e\000n\000t\000a\000t\000i\000v\000e\000\040\000U\000s\000e\000\040\000C\000a\000s\000e\000s}{chapter.3}% 13
\BOOKMARK [1][-]{section.3.3}{\376\377\000K\000e\000y\000\040\000R\000e\000q\000u\000i\000r\000e\000m\000e\000n\000t\000s}{chapter.3}% 14
\BOOKMARK [2][-]{subsection.3.3.1}{\376\377\000F\000u\000n\000c\000t\000i\000o\000n\000a\000l\000\040\000R\000e\000q\000u\000i\000r\000e\000m\000e\000n\000t\000s}{section.3.3}% 15
\BOOKMARK [2][-]{subsection.3.3.2}{\376\377\000N\000o\000n\000-\000F\000u\000n\000c\000t\000i\000o\000n\000a\000l\000\040\000R\000e\000q\000u\000i\000r\000e\000m\000e\000n\000t\000s}{section.3.3}% 16
\BOOKMARK [1][-]{section.3.4}{\376\377\000C\000h\000a\000l\000l\000e\000n\000g\000e\000s\000\040\000i\000n\000\040\000P\000r\000a\000c\000t\000i\000c\000e}{chapter.3}% 17
\BOOKMARK [2][-]{subsection.3.4.1}{\376\377\000A\000m\000b\000i\000g\000u\000i\000t\000y\000\040\000i\000n\000\040\000U\000s\000e\000r\000\040\000I\000n\000p\000u\000t}{section.3.4}% 18
\BOOKMARK [2][-]{subsection.3.4.2}{\376\377\000M\000u\000l\000t\000i\000l\000i\000n\000g\000u\000a\000l\000\040\000a\000n\000d\000\040\000C\000r\000o\000s\000s\000-\000C\000u\000l\000t\000u\000r\000a\000l\000\040\000C\000o\000m\000p\000l\000e\000x\000i\000t\000y}{section.3.4}% 19
\BOOKMARK [2][-]{subsection.3.4.3}{\376\377\000R\000e\000g\000u\000l\000a\000t\000o\000r\000y\000\040\000a\000n\000d\000\040\000C\000o\000m\000p\000l\000i\000a\000n\000c\000e\000\040\000U\000n\000c\000e\000r\000t\000a\000i\000n\000t\000y}{section.3.4}% 20
\BOOKMARK [2][-]{subsection.3.4.4}{\376\377\000L\000i\000m\000i\000t\000a\000t\000i\000o\000n\000s\000\040\000o\000f\000\040\000L\000a\000r\000g\000e\000\040\000L\000a\000n\000g\000u\000a\000g\000e\000\040\000M\000o\000d\000e\000l\000s}{section.3.4}% 21
\BOOKMARK [2][-]{subsection.3.4.5}{\376\377\000I\000n\000t\000e\000g\000r\000a\000t\000i\000o\000n\000\040\000o\000f\000\040\000M\000u\000l\000t\000i\000p\000l\000e\000\040\000F\000u\000n\000c\000t\000i\000o\000n\000a\000l\000i\000t\000i\000e\000s}{section.3.4}% 22
\BOOKMARK [0][-]{chapter.4}{\376\377\000R\000e\000l\000a\000t\000e\000d\000\040\000W\000o\000r\000k}{}% 23
\BOOKMARK [1][-]{section.4.1}{\376\377\000D\000i\000g\000i\000t\000a\000l\000i\000s\000a\000t\000i\000o\000n\000\040\000a\000n\000d\000\040\000A\000I\000\040\000i\000n\000\040\000I\000n\000t\000e\000r\000n\000a\000t\000i\000o\000n\000a\000l\000\040\000T\000r\000a\000d\000e}{chapter.4}% 24
\BOOKMARK [1][-]{section.4.2}{\376\377\000A\000I\000\040\000A\000p\000p\000l\000i\000c\000a\000t\000i\000o\000n\000s\000\040\000i\000n\000\040\000T\000r\000a\000d\000e\000\040\000O\000p\000e\000r\000a\000t\000i\000o\000n\000s}{chapter.4}% 25
\BOOKMARK [1][-]{section.4.3}{\376\377\000A\000I\000\040\000A\000d\000o\000p\000t\000i\000o\000n\000\040\000C\000h\000a\000l\000l\000e\000n\000g\000e\000s\000\040\000i\000n\000\040\000S\000M\000E\000s}{chapter.4}% 26
\BOOKMARK [1][-]{section.4.4}{\376\377\000R\000e\000s\000e\000a\000r\000c\000h\000\040\000G\000a\000p}{chapter.4}% 27
\BOOKMARK [0][-]{chapter.5}{\376\377\000D\000e\000v\000e\000l\000o\000p\000i\000n\000g\000\040\000P\000r\000o\000c\000e\000s\000s}{}% 28
\BOOKMARK [1][-]{section.5.1}{\376\377\000O\000v\000e\000r\000a\000l\000l\000\040\000D\000e\000v\000e\000l\000o\000p\000m\000e\000n\000t\000\040\000S\000t\000r\000a\000t\000e\000g\000y}{chapter.5}% 29
\BOOKMARK [1][-]{section.5.2}{\376\377\000S\000y\000s\000t\000e\000m\000\040\000D\000e\000s\000i\000g\000n}{chapter.5}% 30
\BOOKMARK [2][-]{subsection.5.2.1}{\376\377\000S\000y\000s\000t\000e\000m\000\040\000A\000r\000c\000h\000i\000t\000e\000c\000t\000u\000r\000e}{section.5.2}% 31
\BOOKMARK [2][-]{subsection.5.2.2}{\376\377\000D\000a\000t\000a\000\040\000F\000l\000o\000w}{section.5.2}% 32
\BOOKMARK [2][-]{subsection.5.2.3}{\376\377\000M\000o\000d\000u\000l\000e\000\040\000D\000e\000s\000i\000g\000n}{section.5.2}% 33
\BOOKMARK [1][-]{section.5.3}{\376\377\000I\000m\000p\000l\000e\000m\000e\000n\000t\000a\000t\000i\000o\000n}{chapter.5}% 34
\BOOKMARK [2][-]{subsection.5.3.1}{\376\377\000T\000e\000c\000h\000n\000o\000l\000o\000g\000y\000\040\000S\000t\000a\000c\000k}{section.5.3}% 35
\BOOKMARK [2][-]{subsection.5.3.2}{\376\377\000C\000o\000m\000m\000u\000n\000i\000c\000a\000t\000i\000o\000n\000\040\000M\000o\000d\000u\000l\000e}{section.5.3}% 36
\BOOKMARK [2][-]{subsection.5.3.3}{\376\377\000R\000i\000s\000k\000\040\000I\000d\000e\000n\000t\000i\000f\000i\000c\000a\000t\000i\000o\000n\000\040\000M\000o\000d\000u\000l\000e}{section.5.3}% 37
\BOOKMARK [2][-]{subsection.5.3.4}{\376\377\000D\000o\000c\000u\000m\000e\000n\000t\000\040\000G\000e\000n\000e\000r\000a\000t\000i\000o\000n\000\040\000M\000o\000d\000u\000l\000e}{section.5.3}% 38
\BOOKMARK [2][-]{subsection.5.3.5}{\376\377\000F\000r\000o\000n\000t\000e\000n\000d\000\040\000a\000n\000d\000\040\000I\000n\000t\000e\000r\000a\000c\000t\000i\000o\000n\000\040\000D\000e\000s\000i\000g\000n}{section.5.3}% 39
\BOOKMARK [1][-]{section.5.4}{\376\377\000D\000e\000v\000e\000l\000o\000p\000m\000e\000n\000t\000\040\000C\000h\000a\000l\000l\000e\000n\000g\000e\000s}{chapter.5}% 40
\BOOKMARK [0][-]{chapter.6}{\376\377\000P\000i\000l\000o\000t\000\040\000T\000e\000s\000t\000i\000n\000g\000\040\000a\000n\000d\000\040\000S\000y\000s\000t\000e\000m\000\040\000R\000e\000f\000i\000n\000e\000m\000e\000n\000t}{}% 41
\BOOKMARK [1][-]{section.6.1}{\376\377\000P\000u\000r\000p\000o\000s\000e\000\040\000o\000f\000\040\000P\000i\000l\000o\000t\000\040\000T\000e\000s\000t\000i\000n\000g}{chapter.6}% 42
\BOOKMARK [1][-]{section.6.2}{\376\377\000I\000n\000i\000t\000i\000a\000l\000\040\000S\000y\000s\000t\000e\000m\000\040\000B\000e\000h\000a\000v\000i\000o\000u\000r}{chapter.6}% 43
\BOOKMARK [1][-]{section.6.3}{\376\377\000O\000b\000s\000e\000r\000v\000e\000d\000\040\000P\000r\000o\000b\000l\000e\000m\000s}{chapter.6}% 44
\BOOKMARK [1][-]{section.6.4}{\376\377\000P\000r\000o\000m\000p\000t\000\040\000R\000e\000f\000i\000n\000e\000m\000e\000n\000t\000\040\000P\000r\000o\000c\000e\000s\000s}{chapter.6}% 45
\BOOKMARK [2][-]{subsection.6.4.1}{\376\377\000R\000e\000f\000i\000n\000e\000m\000e\000n\000t\000\040\000C\000r\000i\000t\000e\000r\000i\000a}{section.6.4}% 46
\BOOKMARK [2][-]{subsection.6.4.2}{\376\377\000B\000e\000f\000o\000r\000e\000-\000a\000n\000d\000-\000A\000f\000t\000e\000r\000\040\000E\000x\000a\000m\000p\000l\000e\000s}{section.6.4}% 47
\BOOKMARK [1][-]{section.6.5}{\376\377\000R\000e\000f\000i\000n\000e\000d\000\040\000S\000y\000s\000t\000e\000m\000\040\000V\000e\000r\000s\000i\000o\000n}{chapter.6}% 48
\BOOKMARK [0][-]{chapter.7}{\376\377\000U\000s\000e\000r\000\040\000S\000t\000u\000d\000y}{}% 49
\BOOKMARK [1][-]{section.7.1}{\376\377\000S\000t\000u\000d\000y\000\040\000D\000e\000s\000i\000g\000n}{chapter.7}% 50
\BOOKMARK [1][-]{section.7.2}{\376\377\000D\000a\000t\000a\000\040\000C\000o\000l\000l\000e\000c\000t\000i\000o\000n\000\040\000P\000r\000o\000c\000e\000d\000u\000r\000e}{chapter.7}% 51
\BOOKMARK [1][-]{section.7.3}{\376\377\000E\000v\000a\000l\000u\000a\000t\000i\000o\000n\000\040\000C\000r\000i\000t\000e\000r\000i\000a}{chapter.7}% 52
\BOOKMARK [1][-]{section.7.4}{\376\377\000R\000e\000s\000u\000l\000t\000s}{chapter.7}% 53
\BOOKMARK [2][-]{subsection.7.4.1}{\376\377\000S\000c\000e\000n\000a\000r\000i\000o\000-\000B\000a\000s\000e\000d\000\040\000P\000e\000r\000f\000o\000r\000m\000a\000n\000c\000e}{section.7.4}% 54
\BOOKMARK [2][-]{subsection.7.4.2}{\376\377\000C\000r\000o\000s\000s\000-\000S\000c\000e\000n\000a\000r\000i\000o\000\040\000C\000o\000m\000p\000a\000r\000i\000s\000o\000n}{section.7.4}% 55
\BOOKMARK [2][-]{subsection.7.4.3}{\376\377\000U\000s\000e\000r\000\040\000F\000e\000e\000d\000b\000a\000c\000k\000\040\000A\000n\000a\000l\000y\000s\000i\000s}{section.7.4}% 56
\BOOKMARK [1][-]{section.7.5}{\376\377\000S\000y\000s\000t\000e\000m\000\040\000R\000e\000v\000i\000s\000i\000o\000n\000\040\000B\000a\000s\000e\000d\000\040\000o\000n\000\040\000U\000s\000e\000r\000\040\000F\000e\000e\000d\000b\000a\000c\000k}{chapter.7}% 57
\BOOKMARK [0][-]{chapter.8}{\376\377\000D\000i\000s\000c\000u\000s\000s\000i\000o\000n\000\040\000a\000n\000d\000\040\000F\000u\000t\000u\000r\000e\000\040\000W\000o\000r\000k}{}% 58
\BOOKMARK [1][-]{section.8.1}{\376\377\000S\000y\000s\000t\000e\000m\000-\000L\000e\000v\000e\000l\000\040\000R\000e\000f\000l\000e\000c\000t\000i\000o\000n}{chapter.8}% 59
\BOOKMARK [1][-]{section.8.2}{\376\377\000E\000x\000t\000e\000n\000s\000i\000o\000n\000\040\000o\000f\000\040\000F\000u\000n\000c\000t\000i\000o\000n\000a\000l\000\040\000M\000o\000d\000u\000l\000e\000s}{chapter.8}% 60
\BOOKMARK [1][-]{section.8.3}{\376\377\000S\000t\000r\000e\000n\000g\000t\000h\000s\000\040\000o\000f\000\040\000t\000h\000e\000\040\000I\000n\000t\000e\000g\000r\000a\000t\000e\000d\000\040\000A\000p\000p\000r\000o\000a\000c\000h}{chapter.8}% 61
\BOOKMARK [1][-]{section.8.4}{\376\377\000L\000i\000m\000i\000t\000a\000t\000i\000o\000n\000s}{chapter.8}% 62
\BOOKMARK [1][-]{section.8.5}{\376\377\000E\000t\000h\000i\000c\000a\000l\000,\000\040\000L\000e\000g\000a\000l\000\040\000a\000n\000d\000\040\000S\000o\000c\000i\000a\000l\000\040\000C\000o\000n\000s\000i\000d\000e\000r\000a\000t\000i\000o\000n\000s}{chapter.8}% 63
\BOOKMARK [1][-]{section.8.6}{\376\377\000F\000u\000t\000u\000r\000e\000\040\000W\000o\000r\000k}{chapter.8}% 64
\BOOKMARK [1][-]{section.8.7}{\376\377\000S\000u\000m\000m\000a\000r\000y}{chapter.8}% 65
\BOOKMARK [0][-]{chapter.9}{\376\377\000C\000o\000n\000c\000l\000u\000s\000i\000o\000n}{}% 66
\BOOKMARK [1][-]{section.9.1}{\376\377\000P\000r\000o\000j\000e\000c\000t\000\040\000S\000u\000m\000m\000a\000r\000y}{chapter.9}% 67
\BOOKMARK [1][-]{section.9.2}{\376\377\000M\000a\000i\000n\000\040\000C\000o\000n\000t\000r\000i\000b\000u\000t\000i\000o\000n\000s}{chapter.9}% 68
\BOOKMARK [1][-]{section.9.3}{\376\377\000F\000i\000n\000a\000l\000\040\000R\000e\000m\000a\000r\000k\000s}{chapter.9}% 69
\BOOKMARK [0][-]{appendix.A}{\376\377\000U\000s\000e\000r\000\040\000S\000t\000u\000d\000y\000\040\000M\000a\000t\000e\000r\000i\000a\000l\000s}{}% 70
\BOOKMARK [1][-]{section.A.1}{\376\377\000S\000u\000r\000v\000e\000y\000\040\000O\000v\000e\000r\000v\000i\000e\000w}{appendix.A}% 71
\BOOKMARK [1][-]{section.A.2}{\376\377\000S\000c\000e\000n\000a\000r\000i\000o\000\040\000E\000x\000a\000m\000p\000l\000e}{appendix.A}% 72
\BOOKMARK [2][-]{subsection.A.2.1}{\376\377\000E\000m\000a\000i\000l\000\040\000S\000c\000e\000n\000a\000r\000i\000o}{section.A.2}% 73
\BOOKMARK [2][-]{subsection.A.2.2}{\376\377\000S\000t\000a\000g\000e\000\040\0001\000:\000\040\000U\000s\000e\000r\000\040\000A\000s\000s\000e\000s\000s\000m\000e\000n\000t}{section.A.2}% 74
\BOOKMARK [2][-]{subsection.A.2.3}{\376\377\000S\000t\000a\000g\000e\000\040\0002\000:\000\040\000A\000I\000\040\000R\000e\000s\000p\000o\000n\000s\000e\000\040\000E\000v\000a\000l\000u\000a\000t\000i\000o\000n}{section.A.2}% 75
\BOOKMARK [2][-]{subsection.A.2.4}{\376\377\000S\000t\000a\000g\000e\000\040\0003\000:\000\040\000C\000o\000m\000p\000a\000r\000a\000t\000i\000v\000e\000\040\000E\000v\000a\000l\000u\000a\000t\000i\000o\000n}{section.A.2}% 76
\BOOKMARK [1][-]{section.A.3}{\376\377\000O\000v\000e\000r\000a\000l\000l\000\040\000F\000e\000e\000d\000b\000a\000c\000k}{appendix.A}% 77
